Archive member included because of file (symbol)

c:/program files (x86)/atmel/atmel toolchain/avr8 gcc/native/3.4.1061/avr8-gnu-toolchain/bin/../lib/gcc/avr/4.8.1/../../../../avr/lib/avr6\libm.a(addsf3.o)
                              lib/Arduino/Print.o (__subsf3)
c:/program files (x86)/atmel/atmel toolchain/avr8 gcc/native/3.4.1061/avr8-gnu-toolchain/bin/../lib/gcc/avr/4.8.1/../../../../avr/lib/avr6\libm.a(addsf3x.o)
                              c:/program files (x86)/atmel/atmel toolchain/avr8 gcc/native/3.4.1061/avr8-gnu-toolchain/bin/../lib/gcc/avr/4.8.1/../../../../avr/lib/avr6\libm.a(addsf3.o) (__addsf3x)
c:/program files (x86)/atmel/atmel toolchain/avr8 gcc/native/3.4.1061/avr8-gnu-toolchain/bin/../lib/gcc/avr/4.8.1/../../../../avr/lib/avr6\libm.a(cmpsf2.o)
                              lib/Arduino/Print.o (__ltsf2)
c:/program files (x86)/atmel/atmel toolchain/avr8 gcc/native/3.4.1061/avr8-gnu-toolchain/bin/../lib/gcc/avr/4.8.1/../../../../avr/lib/avr6\libm.a(divsf3.o)
                              lib/Arduino/Print.o (__divsf3)
c:/program files (x86)/atmel/atmel toolchain/avr8 gcc/native/3.4.1061/avr8-gnu-toolchain/bin/../lib/gcc/avr/4.8.1/../../../../avr/lib/avr6\libm.a(divsf3x.o)
                              c:/program files (x86)/atmel/atmel toolchain/avr8 gcc/native/3.4.1061/avr8-gnu-toolchain/bin/../lib/gcc/avr/4.8.1/../../../../avr/lib/avr6\libm.a(divsf3.o) (__divsf3x)
c:/program files (x86)/atmel/atmel toolchain/avr8 gcc/native/3.4.1061/avr8-gnu-toolchain/bin/../lib/gcc/avr/4.8.1/../../../../avr/lib/avr6\libm.a(fixsfsi.o)
                              lib/Arduino/Print.o (__fixsfsi)
c:/program files (x86)/atmel/atmel toolchain/avr8 gcc/native/3.4.1061/avr8-gnu-toolchain/bin/../lib/gcc/avr/4.8.1/../../../../avr/lib/avr6\libm.a(fixunssfsi.o)
                              lib/Arduino/Print.o (__fixunssfsi)
c:/program files (x86)/atmel/atmel toolchain/avr8 gcc/native/3.4.1061/avr8-gnu-toolchain/bin/../lib/gcc/avr/4.8.1/../../../../avr/lib/avr6\libm.a(floatsisf.o)
                              lib/Arduino/Print.o (__floatunsisf)
c:/program files (x86)/atmel/atmel toolchain/avr8 gcc/native/3.4.1061/avr8-gnu-toolchain/bin/../lib/gcc/avr/4.8.1/../../../../avr/lib/avr6\libm.a(fp_cmp.o)
                              c:/program files (x86)/atmel/atmel toolchain/avr8 gcc/native/3.4.1061/avr8-gnu-toolchain/bin/../lib/gcc/avr/4.8.1/../../../../avr/lib/avr6\libm.a(cmpsf2.o) (__fp_cmp)
c:/program files (x86)/atmel/atmel toolchain/avr8 gcc/native/3.4.1061/avr8-gnu-toolchain/bin/../lib/gcc/avr/4.8.1/../../../../avr/lib/avr6\libm.a(fp_inf.o)
                              c:/program files (x86)/atmel/atmel toolchain/avr8 gcc/native/3.4.1061/avr8-gnu-toolchain/bin/../lib/gcc/avr/4.8.1/../../../../avr/lib/avr6\libm.a(addsf3x.o) (__fp_inf)
c:/program files (x86)/atmel/atmel toolchain/avr8 gcc/native/3.4.1061/avr8-gnu-toolchain/bin/../lib/gcc/avr/4.8.1/../../../../avr/lib/avr6\libm.a(fp_nan.o)
                              c:/program files (x86)/atmel/atmel toolchain/avr8 gcc/native/3.4.1061/avr8-gnu-toolchain/bin/../lib/gcc/avr/4.8.1/../../../../avr/lib/avr6\libm.a(addsf3x.o) (__fp_nan)
c:/program files (x86)/atmel/atmel toolchain/avr8 gcc/native/3.4.1061/avr8-gnu-toolchain/bin/../lib/gcc/avr/4.8.1/../../../../avr/lib/avr6\libm.a(fp_pscA.o)
                              c:/program files (x86)/atmel/atmel toolchain/avr8 gcc/native/3.4.1061/avr8-gnu-toolchain/bin/../lib/gcc/avr/4.8.1/../../../../avr/lib/avr6\libm.a(addsf3x.o) (__fp_pscA)
c:/program files (x86)/atmel/atmel toolchain/avr8 gcc/native/3.4.1061/avr8-gnu-toolchain/bin/../lib/gcc/avr/4.8.1/../../../../avr/lib/avr6\libm.a(fp_pscB.o)
                              c:/program files (x86)/atmel/atmel toolchain/avr8 gcc/native/3.4.1061/avr8-gnu-toolchain/bin/../lib/gcc/avr/4.8.1/../../../../avr/lib/avr6\libm.a(addsf3x.o) (__fp_pscB)
c:/program files (x86)/atmel/atmel toolchain/avr8 gcc/native/3.4.1061/avr8-gnu-toolchain/bin/../lib/gcc/avr/4.8.1/../../../../avr/lib/avr6\libm.a(fp_round.o)
                              c:/program files (x86)/atmel/atmel toolchain/avr8 gcc/native/3.4.1061/avr8-gnu-toolchain/bin/../lib/gcc/avr/4.8.1/../../../../avr/lib/avr6\libm.a(addsf3.o) (__fp_round)
c:/program files (x86)/atmel/atmel toolchain/avr8 gcc/native/3.4.1061/avr8-gnu-toolchain/bin/../lib/gcc/avr/4.8.1/../../../../avr/lib/avr6\libm.a(fp_split3.o)
                              c:/program files (x86)/atmel/atmel toolchain/avr8 gcc/native/3.4.1061/avr8-gnu-toolchain/bin/../lib/gcc/avr/4.8.1/../../../../avr/lib/avr6\libm.a(addsf3x.o) (__fp_split3)
c:/program files (x86)/atmel/atmel toolchain/avr8 gcc/native/3.4.1061/avr8-gnu-toolchain/bin/../lib/gcc/avr/4.8.1/../../../../avr/lib/avr6\libm.a(fp_zero.o)
                              c:/program files (x86)/atmel/atmel toolchain/avr8 gcc/native/3.4.1061/avr8-gnu-toolchain/bin/../lib/gcc/avr/4.8.1/../../../../avr/lib/avr6\libm.a(addsf3x.o) (__fp_zero)
[...]
Memory Configuration

Name             Origin             Length             Attributes
text             0x00000000         0x00100000         xr
data             0x00800200         0x0000fe00         rw !x
eeprom           0x00810000         0x00010000         rw !x
fuse             0x00820000         0x00000400         rw !x
lock             0x00830000         0x00000400         rw !x
signature        0x00840000         0x00000400         rw !x
user_signatures  0x00850000         0x00000400         rw !x
*default*        0x00000000         0xffffffff

Linker script and memory map

Address of section .data set to 0x800200
LOAD c:/program files (x86)/atmel/atmel toolchain/avr8 gcc/native/3.4.1061/avr8-gnu-toolchain/bin/../lib/gcc/avr/4.8.1/../../../../avr/lib/avr6/crtm2560.o
LOAD lib/Adafruit_GFX/Adafruit_GFX.o
LOAD lib/Adafruit_GFX/glcdfont.o
LOAD lib/Adafruit_NeoPixel/Adafruit_NeoPixel.o
LOAD lib/Adafruit_RGBMatrix/RGBmatrixPanel.o
LOAD lib/Arduino/abi.o
LOAD lib/Arduino/CDC.o
LOAD lib/Arduino/HardwareSerial.o
LOAD lib/Arduino/HardwareSerial0.o
LOAD lib/Arduino/HardwareSerial1.o
LOAD lib/Arduino/HardwareSerial2.o
LOAD lib/Arduino/HardwareSerial3.o
LOAD lib/Arduino/HID.o
LOAD lib/Arduino/hooks.o
LOAD lib/Arduino/IPAddress.o
LOAD lib/Arduino/new.o
LOAD lib/Arduino/Print.o
LOAD lib/Arduino/Stream.o
LOAD lib/Arduino/Tone.o
LOAD lib/Arduino/USBCore.o
LOAD lib/Arduino/WInterrupts.o
LOAD lib/Arduino/wiring.o
LOAD lib/Arduino/wiring_analog.o
LOAD lib/Arduino/wiring_digital.o
LOAD lib/Arduino/wiring_pulse.o
LOAD lib/Arduino/wiring_shift.o
LOAD lib/Arduino/WMath.o
LOAD lib/Arduino/WString.o
LOAD lib/SparkFun_BLEMate2/connections.o
LOAD lib/SparkFun_BLEMate2/SparkFun_BLEMate2.o
LOAD src/BackpackLED.o
LOAD src/blink_leds.o
LOAD src/main.o
START GROUP
LOAD c:/program files (x86)/atmel/atmel toolchain/avr8 gcc/native/3.4.1061/avr8-gnu-toolchain/bin/../lib/gcc/avr/4.8.1/../../../../avr/lib/avr6\libm.a
END GROUP
LOAD c:/program files (x86)/atmel/atmel toolchain/avr8 gcc/native/3.4.1061/avr8-gnu-toolchain/bin/../lib/gcc/avr/4.8.1/avr6\libgcc.a
LOAD c:/program files (x86)/atmel/atmel toolchain/avr8 gcc/native/3.4.1061/avr8-gnu-toolchain/bin/../lib/gcc/avr/4.8.1/../../../../avr/lib/avr6\libm.a
START GROUP
LOAD c:/program files (x86)/atmel/atmel toolchain/avr8 gcc/native/3.4.1061/avr8-gnu-toolchain/bin/../lib/gcc/avr/4.8.1/avr6\libgcc.a
LOAD c:/program files (x86)/atmel/atmel toolchain/avr8 gcc/native/3.4.1061/avr8-gnu-toolchain/bin/../lib/gcc/avr/4.8.1/../../../../avr/lib/avr6\libm.a
LOAD c:/program files (x86)/atmel/atmel toolchain/avr8 gcc/native/3.4.1061/avr8-gnu-toolchain/bin/../lib/gcc/avr/4.8.1/../../../../avr/lib/avr6\libc.a
END GROUP

.hash
 *(.hash)

.dynsym
 *(.dynsym)

.dynstr
 *(.dynstr)

.gnu.version
 *(.gnu.version)

.gnu.version_d
 *(.gnu.version_d)

.gnu.version_r
 *(.gnu.version_r)

.rel.init
 *(.rel.init)

.rela.init
 *(.rela.init)

.rel.text
 *(.rel.text)
 *(.rel.text.*)
 *(.rel.gnu.linkonce.t*)

.rela.text
 *(.rela.text)
 *(.rela.text.*)
 *(.rela.gnu.linkonce.t*)

.rel.fini
 *(.rel.fini)

.rela.fini
 *(.rela.fini)

.rel.rodata
 *(.rel.rodata)
 *(.rel.rodata.*)
 *(.rel.gnu.linkonce.r*)

.rela.rodata
 *(.rela.rodata)
 *(.rela.rodata.*)
 *(.rela.gnu.linkonce.r*)

.rel.data
 *(.rel.data)
 *(.rel.data.*)
 *(.rel.gnu.linkonce.d*)

.rela.data
 *(.rela.data)
 *(.rela.data.*)
 *(.rela.gnu.linkonce.d*)

.rel.ctors
 *(.rel.ctors)

.rela.ctors
 *(.rela.ctors)

.rel.dtors
 *(.rel.dtors)

.rela.dtors
 *(.rela.dtors)

.rel.got
 *(.rel.got)

.rela.got
 *(.rela.got)

.rel.bss
 *(.rel.bss)

.rela.bss
 *(.rela.bss)

.rel.plt
 *(.rel.plt)

.rela.plt
 *(.rela.plt)

.text           0x00000000     0x49b6
 *(.vectors)
 .vectors       0x00000000       0xe4 c:/program files (x86)/atmel/atmel toolchain/avr8 gcc/native/3.4.1061/avr8-gnu-toolchain/bin/../lib/gcc/avr/4.8.1/../../../../avr/lib/avr6/crtm2560.o
                0x00000000                __vector_default
                0x00000000                __vectors
 *(.vectors)
 *(.progmem.gcc*)
 .progmem.gcc_sw_table.turnOffPWM
                0x000000e4       0x24 lib/Arduino/wiring_digital.o
                0x00000108                . = ALIGN (0x2)
                0x00000108                __trampolines_start = .
 *(.trampolines)
 .trampolines   0x00000108        0x0 linker stubs
 *(.trampolines*)
                0x00000108                __trampolines_end = .
 *(.progmem*)
 .progmem.data._ZL4font
                0x00000108      0x4fb lib/Adafruit_GFX/Adafruit_GFX.o
 .progmem.data._ZL21tone_pin_to_timer_PGM
                0x00000603        0x1 lib/Arduino/Tone.o
 .progmem.data.digital_pin_to_timer_PGM
                0x00000604       0x46 lib/Arduino/wiring_digital.o
                0x00000604                digital_pin_to_timer_PGM
 .progmem.data.digital_pin_to_bit_mask_PGM
                0x0000064a       0x46 lib/Arduino/wiring_digital.o
                0x0000064a                digital_pin_to_bit_mask_PGM
 .progmem.data.digital_pin_to_port_PGM
                0x00000690       0x46 lib/Arduino/wiring_digital.o
                0x00000690                digital_pin_to_port_PGM
 .progmem.data.port_to_output_PGM
                0x000006d6       0x1a lib/Arduino/wiring_digital.o
                0x000006d6                port_to_output_PGM
 .progmem.data.port_to_mode_PGM
                0x000006f0       0x1a lib/Arduino/wiring_digital.o
                0x000006f0                port_to_mode_PGM
                0x0000070a                . = ALIGN (0x2)
 *(.jumptables)
 *(.jumptables*)
 *(.lowtext)
 *(.lowtext*)
                0x0000070a                __ctors_start = .
 *(.ctors)
 .ctors         0x0000070a        0x2 lib/Arduino/HardwareSerial0.o
 .ctors         0x0000070c        0x2 lib/Arduino/HardwareSerial1.o
 .ctors         0x0000070e        0x2 lib/Arduino/HardwareSerial2.o
 .ctors         0x00000710        0x2 lib/Arduino/HardwareSerial3.o
 .ctors         0x00000712        0x2 lib/Arduino/IPAddress.o
 .ctors         0x00000714        0x2 src/BackpackLED.o
                0x00000716                __ctors_end = .
                0x00000716                __dtors_start = .
 *(.dtors)
 .dtors         0x00000716        0x2 src/BackpackLED.o
                0x00000718                __dtors_end = .
 SORT(*)(.ctors)
 SORT(*)(.dtors)
 *(.init0)
 .init0         0x00000718        0x0 c:/program files (x86)/atmel/atmel toolchain/avr8 gcc/native/3.4.1061/avr8-gnu-toolchain/bin/../lib/gcc/avr/4.8.1/../../../../avr/lib/avr6/crtm2560.o
                0x00000718                __init
 *(.init0)
 *(.init1)
 *(.init1)
 *(.init2)
 .init2         0x00000718       0x10 c:/program files (x86)/atmel/atmel toolchain/avr8 gcc/native/3.4.1061/avr8-gnu-toolchain/bin/../lib/gcc/avr/4.8.1/../../../../avr/lib/avr6/crtm2560.o
 *(.init2)
 *(.init3)
 *(.init3)
 *(.init4)
 .init4         0x00000728       0x1a c:/program files (x86)/atmel/atmel toolchain/avr8 gcc/native/3.4.1061/avr8-gnu-toolchain/bin/../lib/gcc/avr/4.8.1/avr6\libgcc.a(_copy_data.o)
                0x00000728                __do_copy_data
 .init4         0x00000742       0x10 c:/program files (x86)/atmel/atmel toolchain/avr8 gcc/native/3.4.1061/avr8-gnu-toolchain/bin/../lib/gcc/avr/4.8.1/avr6\libgcc.a(_clear_bss.o)
                0x00000742                __do_clear_bss
 *(.init4)
 *(.init5)
 *(.init5)
 *(.init6)
 .init6         0x00000752       0x20 c:/program files (x86)/atmel/atmel toolchain/avr8 gcc/native/3.4.1061/avr8-gnu-toolchain/bin/../lib/gcc/avr/4.8.1/avr6\libgcc.a(_ctors.o)
                0x00000752                __do_global_ctors
 *(.init6)
 *(.init7)
 *(.init7)
 *(.init8)
 *(.init8)
 *(.init9)
 .init9         0x00000772        0x8 c:/program files (x86)/atmel/atmel toolchain/avr8 gcc/native/3.4.1061/avr8-gnu-toolchain/bin/../lib/gcc/avr/4.8.1/../../../../avr/lib/avr6/crtm2560.o
 *(.init9)
 *(.text)
 .text          0x0000077a        0x2 c:/program files (x86)/atmel/atmel toolchain/avr8 gcc/native/3.4.1061/avr8-gnu-toolchain/bin/../lib/gcc/avr/4.8.1/../../../../avr/lib/avr6/crtm2560.o
                0x0000077a                __vector_38
                0x0000077a                __vector_22
                0x0000077a                __vector_28
                0x0000077a                __vector_32
                0x0000077a                __vector_34
                0x0000077a                __vector_24
                0x0000077a                __vector_12
                0x0000077a                __vector_46
                0x0000077a                __bad_interrupt
                0x0000077a                __vector_31
                0x0000077a                __vector_35
                0x0000077a                __vector_39
                0x0000077a                __vector_30
                0x0000077a                __vector_45
                0x0000077a                __vector_11
                0x0000077a                __vector_17
                0x0000077a                __vector_19
                0x0000077a                __vector_56
                0x0000077a                __vector_49
                0x0000077a                __vector_41
                0x0000077a                __vector_43
                0x0000077a                __vector_27
                0x0000077a                __vector_33
                0x0000077a                __vector_47
                0x0000077a                __vector_44
                0x0000077a                __vector_9
                0x0000077a                __vector_21
                0x0000077a                __vector_15
                0x0000077a                __vector_29
                0x0000077a                __vector_40
                0x0000077a                __vector_48
                0x0000077a                __vector_14
                0x0000077a                __vector_53
                0x0000077a                __vector_10
                0x0000077a                __vector_50
                0x0000077a                __vector_16
                0x0000077a                __vector_18
                0x0000077a                __vector_42
                0x0000077c                . = ALIGN (0x2)
 *(.text.*)
 .text._ZN12Adafruit_GFX8drawLineEiiiij
                0x0000077c      0x182 lib/Adafruit_GFX/Adafruit_GFX.o
                0x0000077c                _ZN12Adafruit_GFX8drawLineEiiiij
 .text._ZN12Adafruit_GFX8drawRectEiiiij
                0x000008fe       0x9e lib/Adafruit_GFX/Adafruit_GFX.o
                0x000008fe                _ZN12Adafruit_GFX8drawRectEiiiij
 .text._ZN12Adafruit_GFX13drawFastVLineEiiij
                0x0000099c       0x2e lib/Adafruit_GFX/Adafruit_GFX.o
                0x0000099c                _ZN12Adafruit_GFX13drawFastVLineEiiij
 .text._ZN12Adafruit_GFX13drawFastHLineEiiij
                0x000009ca       0x2c lib/Adafruit_GFX/Adafruit_GFX.o
                0x000009ca                _ZN12Adafruit_GFX13drawFastHLineEiiij
 .text._ZN12Adafruit_GFX8fillRectEiiiij
                0x000009f6       0x6e lib/Adafruit_GFX/Adafruit_GFX.o
                0x000009f6                _ZN12Adafruit_GFX8fillRectEiiiij
 .text._ZN12Adafruit_GFX10fillScreenEj
                0x00000a64       0x3c lib/Adafruit_GFX/Adafruit_GFX.o
                0x00000a64                _ZN12Adafruit_GFX10fillScreenEj
 .text._ZN12Adafruit_GFX13invertDisplayEb
                0x00000aa0        0x2 lib/Adafruit_GFX/Adafruit_GFX.o
                0x00000aa0                _ZN12Adafruit_GFX13invertDisplayEb
 .text._ZN12Adafruit_GFXC2Eii
                0x00000aa2       0x3c lib/Adafruit_GFX/Adafruit_GFX.o
                0x00000aa2                _ZN12Adafruit_GFXC2Eii
                0x00000aa2                _ZN12Adafruit_GFXC1Eii
 .text._ZN12Adafruit_GFX16fillCircleHelperEiiihij
                0x00000ade      0x1d4 lib/Adafruit_GFX/Adafruit_GFX.o
                0x00000ade                _ZN12Adafruit_GFX16fillCircleHelperEiiihij
 .text._ZN12Adafruit_GFX10fillCircleEiiij
                0x00000cb2       0x6c lib/Adafruit_GFX/Adafruit_GFX.o
                0x00000cb2                _ZN12Adafruit_GFX10fillCircleEiiij
 .text._ZN12Adafruit_GFX8drawCharEiihjjh
                0x00000d1e      0x210 lib/Adafruit_GFX/Adafruit_GFX.o
                0x00000d1e                _ZN12Adafruit_GFX8drawCharEiihjjh
 .text._ZN12Adafruit_GFX5writeEh
                0x00000f2e       0xba lib/Adafruit_GFX/Adafruit_GFX.o
                0x00000f2e                _ZN12Adafruit_GFX5writeEh
 .text._ZN12Adafruit_GFX9setCursorEii
                0x00000fe8        0xc lib/Adafruit_GFX/Adafruit_GFX.o
                0x00000fe8                _ZN12Adafruit_GFX9setCursorEii
 .text._ZN12Adafruit_GFX11setTextSizeEh
                0x00000ff4        0xc lib/Adafruit_GFX/Adafruit_GFX.o
                0x00000ff4                _ZN12Adafruit_GFX11setTextSizeEh
 .text._ZN12Adafruit_GFX12setTextColorEj
                0x00001000        0xc lib/Adafruit_GFX/Adafruit_GFX.o
                0x00001000                _ZN12Adafruit_GFX12setTextColorEj
 .text._ZN14RGBmatrixPanel9drawPixelEiij
                0x0000100c      0x278 lib/Adafruit_RGBMatrix/RGBmatrixPanel.o
                0x0000100c                _ZN14RGBmatrixPanel9drawPixelEiij
 .text._ZN14RGBmatrixPanel4initEhhhhhhhbh
                0x00001284      0x1e6 lib/Adafruit_RGBMatrix/RGBmatrixPanel.o
                0x00001284                _ZN14RGBmatrixPanel4initEhhhhhhhbh
 .text._ZN14RGBmatrixPanelC2Ehhhhhhhbh
                0x0000146a       0x9e lib/Adafruit_RGBMatrix/RGBmatrixPanel.o
                0x0000146a                _ZN14RGBmatrixPanelC1Ehhhhhhhbh
                0x0000146a                _ZN14RGBmatrixPanelC2Ehhhhhhhbh
 .text._ZN14RGBmatrixPanel5beginEv
                0x00001508       0xf4 lib/Adafruit_RGBMatrix/RGBmatrixPanel.o
                0x00001508                _ZN14RGBmatrixPanel5beginEv
 .text._ZN14RGBmatrixPanel8Color333Ehhh
                0x000015fc       0x52 lib/Adafruit_RGBMatrix/RGBmatrixPanel.o
                0x000015fc                _ZN14RGBmatrixPanel8Color333Ehhh
 .text._ZN14RGBmatrixPanel13updateDisplayEv
                0x0000164e      0x4ac lib/Adafruit_RGBMatrix/RGBmatrixPanel.o
                0x0000164e                _ZN14RGBmatrixPanel13updateDisplayEv
 .text.__vector_20
                0x00001afa       0x5a lib/Adafruit_RGBMatrix/RGBmatrixPanel.o
                0x00001afa                __vector_20
 .text._ZN14RGBmatrixPanel10fillScreenEj
                0x00001b54       0x54 lib/Adafruit_RGBMatrix/RGBmatrixPanel.o
                0x00001b54                _ZN14RGBmatrixPanel10fillScreenEj
 .text.__cxa_pure_virtual
                0x00001ba8        0x4 lib/Arduino/abi.o
                0x00001ba8                __cxa_pure_virtual
 .text._ZN14HardwareSerial9availableEv
                0x00001bac       0x16 lib/Arduino/HardwareSerial.o
                0x00001bac                _ZN14HardwareSerial9availableEv
 .text._ZN14HardwareSerial4peekEv
                0x00001bc2       0x1c lib/Arduino/HardwareSerial.o
                0x00001bc2                _ZN14HardwareSerial4peekEv
 .text._ZN14HardwareSerial4readEv
                0x00001bde       0x28 lib/Arduino/HardwareSerial.o
                0x00001bde                _ZN14HardwareSerial4readEv
 .text._Z14serialEventRunv
                0x00001c06       0x62 lib/Arduino/HardwareSerial.o
                0x00001c06                _Z14serialEventRunv
 .text._ZN14HardwareSerial17_tx_udr_empty_irqEv
                0x00001c68       0x42 lib/Arduino/HardwareSerial.o
                0x00001c68                _ZN14HardwareSerial17_tx_udr_empty_irqEv
 .text._ZN14HardwareSerial5flushEv
                0x00001caa       0x48 lib/Arduino/HardwareSerial.o
                0x00001caa                _ZN14HardwareSerial5flushEv
 .text._ZN14HardwareSerial5writeEh
                0x00001cf2       0x86 lib/Arduino/HardwareSerial.o
                0x00001cf2                _ZN14HardwareSerial5writeEh
 .text._ZN14HardwareSerial5beginEmh
                0x00001d78       0xcc lib/Arduino/HardwareSerial.o
                0x00001d78                _ZN14HardwareSerial5beginEmh
 .text.__vector_25
                0x00001e44       0x7e lib/Arduino/HardwareSerial0.o
                0x00001e44                __vector_25
 .text.__vector_26
                0x00001ec2       0x52 lib/Arduino/HardwareSerial0.o
                0x00001ec2                __vector_26
 .text._Z17Serial0_availablev
                0x00001f14       0x12 lib/Arduino/HardwareSerial0.o
                0x00001f14                _Z17Serial0_availablev
 .text._GLOBAL__sub_I___vector_25
                0x00001f26       0x86 lib/Arduino/HardwareSerial0.o
 .text.__vector_36
                0x00001fac       0x7e lib/Arduino/HardwareSerial1.o
                0x00001fac                __vector_36
 .text.__vector_37
                0x0000202a       0x52 lib/Arduino/HardwareSerial1.o
                0x0000202a                __vector_37
 .text._Z17Serial1_availablev
                0x0000207c       0x12 lib/Arduino/HardwareSerial1.o
                0x0000207c                _Z17Serial1_availablev
 .text._GLOBAL__sub_I___vector_36
                0x0000208e       0x86 lib/Arduino/HardwareSerial1.o
 .text.__vector_51
                0x00002114       0x7e lib/Arduino/HardwareSerial2.o
                0x00002114                __vector_51
 .text.__vector_52
                0x00002192       0x52 lib/Arduino/HardwareSerial2.o
                0x00002192                __vector_52
 .text._Z17Serial2_availablev
                0x000021e4       0x12 lib/Arduino/HardwareSerial2.o
                0x000021e4                _Z17Serial2_availablev
 .text._GLOBAL__sub_I___vector_51
                0x000021f6       0x86 lib/Arduino/HardwareSerial2.o
 .text.__vector_54
                0x0000227c       0x7e lib/Arduino/HardwareSerial3.o
                0x0000227c                __vector_54
 .text.__vector_55
                0x000022fa       0x52 lib/Arduino/HardwareSerial3.o
                0x000022fa                __vector_55
 .text._Z17Serial3_availablev
                0x0000234c       0x12 lib/Arduino/HardwareSerial3.o
                0x0000234c                _Z17Serial3_availablev
 .text._GLOBAL__sub_I___vector_54
                0x0000235e       0x86 lib/Arduino/HardwareSerial3.o
 .text.__empty  0x000023e4        0x2 lib/Arduino/hooks.o
                0x000023e4                yield
 .text._ZNK9IPAddress7printToER5Print
                0x000023e6       0x6e lib/Arduino/IPAddress.o
                0x000023e6                _ZNK9IPAddress7printToER5Print
 .text._ZN9IPAddressC2Ehhhh
                0x00002454       0x18 lib/Arduino/IPAddress.o
                0x00002454                _ZN9IPAddressC2Ehhhh
                0x00002454                _ZN9IPAddressC1Ehhhh
 .text._GLOBAL__sub_I__ZN9IPAddressC2Ev
                0x0000246c       0x14 lib/Arduino/IPAddress.o
 .text._Znaj    0x00002480        0x6 lib/Arduino/new.o
                0x00002480                _Znaj
 .text._ZdlPv   0x00002486        0x6 lib/Arduino/new.o
                0x00002486                _ZdlPv
 .text._ZN5Print5writeEPKhj
                0x0000248c       0x5c lib/Arduino/Print.o
                0x0000248c                _ZN5Print5writeEPKhj
 .text._ZN5Print5printERK6String
                0x000024e8       0x1e lib/Arduino/Print.o
                0x000024e8                _ZN5Print5printERK6String
 .text._ZN5Print5printEPKc
                0x00002506       0x2c lib/Arduino/Print.o
                0x00002506                _ZN5Print5printEPKc
 .text._ZN5Print5printEc
                0x00002532       0x10 lib/Arduino/Print.o
                0x00002532                _ZN5Print5printEc
 .text._ZN5Print7printlnEv
                0x00002542       0x24 lib/Arduino/Print.o
                0x00002542                _ZN5Print7printlnEv
 .text._ZN5Print7printlnEPKc
                0x00002566       0x20 lib/Arduino/Print.o
                0x00002566                _ZN5Print7printlnEPKc
 .text._ZN5Print11printNumberEmh
                0x00002586       0xf6 lib/Arduino/Print.o
                0x00002586                _ZN5Print11printNumberEmh
 .text._ZN5Print5printEmi
                0x0000267c       0x1c lib/Arduino/Print.o
                0x0000267c                _ZN5Print5printEmi
 .text._ZN5Print5printEhi
                0x00002698        0xe lib/Arduino/Print.o
                0x00002698                _ZN5Print5printEhi
 .text._Z12disableTimerh
                0x000026a6       0x62 lib/Arduino/Tone.o
                0x000026a6                _Z12disableTimerh
 .text._Z6noToneh
                0x00002708       0x28 lib/Arduino/Tone.o
                0x00002708                _Z6noToneh
 .text.__vector_13
                0x00002730       0xbe lib/Arduino/Tone.o
                0x00002730                __vector_13
 .text.__vector_1
                0x000027ee       0x62 lib/Arduino/WInterrupts.o
                0x000027ee                __vector_1
 .text.__vector_2
                0x00002850       0x62 lib/Arduino/WInterrupts.o
                0x00002850                __vector_2
 .text.__vector_3
                0x000028b2       0x62 lib/Arduino/WInterrupts.o
                0x000028b2                __vector_3
 .text.__vector_4
                0x00002914       0x62 lib/Arduino/WInterrupts.o
                0x00002914                __vector_4
 .text.__vector_5
                0x00002976       0x62 lib/Arduino/WInterrupts.o
                0x00002976                __vector_5
 .text.__vector_6
                0x000029d8       0x62 lib/Arduino/WInterrupts.o
                0x000029d8                __vector_6
 .text.__vector_7
                0x00002a3a       0x62 lib/Arduino/WInterrupts.o
                0x00002a3a                __vector_7
 .text.__vector_8
                0x00002a9c       0x62 lib/Arduino/WInterrupts.o
                0x00002a9c                __vector_8
 .text.__vector_23
                0x00002afe       0x94 lib/Arduino/wiring.o
                0x00002afe                __vector_23
 .text.millis   0x00002b92       0x18 lib/Arduino/wiring.o
                0x00002b92                millis
 .text.micros   0x00002baa       0x4c lib/Arduino/wiring.o
                0x00002baa                micros
 .text.delay    0x00002bf6       0x52 lib/Arduino/wiring.o
                0x00002bf6                delay
 .text.init     0x00002c48       0xc4 lib/Arduino/wiring.o
                0x00002c48                init
 .text.turnOffPWM
                0x00002d0c       0xce lib/Arduino/wiring_digital.o
 .text.pinMode  0x00002dda       0x7c lib/Arduino/wiring_digital.o
                0x00002dda                pinMode
 .text.digitalWrite
                0x00002e56       0x60 lib/Arduino/wiring_digital.o
                0x00002e56                digitalWrite
 .text._ZN6StringD2Ev
                0x00002eb6        0xc lib/Arduino/WString.o
                0x00002eb6                _ZN6StringD2Ev
                0x00002eb6                _ZN6StringD1Ev
 .text._ZN6String10invalidateEv
                0x00002ec2       0x24 lib/Arduino/WString.o
                0x00002ec2                _ZN6String10invalidateEv
 .text._ZN6String12changeBufferEj
                0x00002ee6       0x34 lib/Arduino/WString.o
                0x00002ee6                _ZN6String12changeBufferEj
 .text._ZN6String7reserveEj
                0x00002f1a       0x3e lib/Arduino/WString.o
                0x00002f1a                _ZN6String7reserveEj
 .text._ZN6String4copyEPKcj
                0x00002f58       0x3e lib/Arduino/WString.o
                0x00002f58                _ZN6String4copyEPKcj
 .text._ZN6StringC2EPKc
                0x00002f96       0x28 lib/Arduino/WString.o
                0x00002f96                _ZN6StringC2EPKc
                0x00002f96                _ZN6StringC1EPKc
 .text._ZN6StringaSERKS_
                0x00002fbe       0x2a lib/Arduino/WString.o
                0x00002fbe                _ZN6StringaSERKS_
 .text._ZN6StringC2ERKS_
                0x00002fe8       0x12 lib/Arduino/WString.o
                0x00002fe8                _ZN6StringC2ERKS_
                0x00002fe8                _ZN6StringC1ERKS_
 .text._ZN6StringaSEPKc
                0x00002ffa       0x2a lib/Arduino/WString.o
                0x00002ffa                _ZN6StringaSEPKc
 .text._ZN6String6concatEPKcj
                0x00003024       0x5c lib/Arduino/WString.o
                0x00003024                _ZN6String6concatEPKcj
 .text._ZN6String6concatEPKc
                0x00003080       0x1e lib/Arduino/WString.o
                0x00003080                _ZN6String6concatEPKc
 .text._ZN6String6concatEc
                0x0000309e       0x26 lib/Arduino/WString.o
                0x0000309e                _ZN6String6concatEc
 .text._ZplRK15StringSumHelperRK6String
                0x000030c4       0x22 lib/Arduino/WString.o
                0x000030c4                _ZplRK15StringSumHelperRK6String
 .text._ZplRK15StringSumHelperPKc
                0x000030e6       0x2e lib/Arduino/WString.o
                0x000030e6                _ZplRK15StringSumHelperPKc
 .text._ZNK6String10startsWithERKS_j
                0x00003114       0x50 lib/Arduino/WString.o
                0x00003114                _ZNK6String10startsWithERKS_j
 .text._ZNK6String10startsWithERKS_
                0x00003164       0x1e lib/Arduino/WString.o
                0x00003164                _ZNK6String10startsWithERKS_
 .text._ZNK6String8endsWithERKS_
                0x00003182       0x4c lib/Arduino/WString.o
                0x00003182                _ZNK6String8endsWithERKS_
 .text._ZNK6StringixEj
                0x000031ce       0x26 lib/Arduino/WString.o
                0x000031ce                _ZNK6StringixEj
 .text._ZNK6String6charAtEj
                0x000031f4        0x4 lib/Arduino/WString.o
                0x000031f4                _ZNK6String6charAtEj
 .text._ZNK6String8getBytesEPhjj
                0x000031f8       0x58 lib/Arduino/WString.o
                0x000031f8                _ZNK6String8getBytesEPhjj
 .text._ZN6String6removeEjj
                0x00003250       0x5c lib/Arduino/WString.o
                0x00003250                _ZN6String6removeEjj
 .text._ZN6String4trimEv
                0x000032ac       0xb0 lib/Arduino/WString.o
                0x000032ac                _ZN6String4trimEv
 .text._ZN8BLEMate2C2EP6Stream
                0x0000335c       0x48 lib/SparkFun_BLEMate2/SparkFun_BLEMate2.o
                0x0000335c                _ZN8BLEMate2C1EP6Stream
                0x0000335c                _ZN8BLEMate2C2EP6Stream
 .text._ZN8BLEMate210knownStartEv
                0x000033a4      0x128 lib/SparkFun_BLEMate2/SparkFun_BLEMate2.o
                0x000033a4                _ZN8BLEMate210knownStartEv
 .text._ZN8BLEMate26stdCmdE6String
                0x000034cc      0x162 lib/SparkFun_BLEMate2/SparkFun_BLEMate2.o
                0x000034cc                _ZN8BLEMate26stdCmdE6String
 .text._ZN8BLEMate27restoreEv
                0x0000362e       0x46 lib/SparkFun_BLEMate2/SparkFun_BLEMate2.o
                0x0000362e                _ZN8BLEMate27restoreEv
 .text._ZN8BLEMate211writeConfigEv
                0x00003674       0x46 lib/SparkFun_BLEMate2/SparkFun_BLEMate2.o
                0x00003674                _ZN8BLEMate211writeConfigEv
 .text._ZN8BLEMate25resetEv
                0x000036ba      0x1b6 lib/SparkFun_BLEMate2/SparkFun_BLEMate2.o
                0x000036ba                _ZN8BLEMate25resetEv
 .text._ZN8BLEMate29amCentralERb
                0x00003870      0x19e lib/SparkFun_BLEMate2/SparkFun_BLEMate2.o
                0x00003870                _ZN8BLEMate29amCentralERb
 .text._ZN8BLEMate28sendDataEPch
                0x00003a0e      0x124 lib/SparkFun_BLEMate2/SparkFun_BLEMate2.o
                0x00003a0e                _ZN8BLEMate28sendDataEPch
 .text._ZN8BLEMate28sendDataER6String
                0x00003b32       0x56 lib/SparkFun_BLEMate2/SparkFun_BLEMate2.o
                0x00003b32                _ZN8BLEMate28sendDataER6String
 .text._Z10initMatrixv
                0x00003b88       0xc4 src/BackpackLED.o
                0x00003b88                _Z10initMatrixv
 .text._Z13initBluetoothv
                0x00003c4c       0xe4 src/BackpackLED.o
                0x00003c4c                _Z13initBluetoothv
 .text._Z5setupv
                0x00003d30       0x5a src/BackpackLED.o
                0x00003d30                _Z5setupv
 .text._Z10drawMatrixi
                0x00003d8a      0x34a src/BackpackLED.o
                0x00003d8a                _Z10drawMatrixi
 .text._Z19do_matrix_draw_taskv
                0x000040d4       0x44 src/BackpackLED.o
                0x000040d4                _Z19do_matrix_draw_taskv
 .text._GLOBAL__sub_I_central
                0x00004118       0x74 src/BackpackLED.o
 .text._GLOBAL__sub_D_central
                0x0000418c       0x3e src/BackpackLED.o
 .text._Z14do_serial_taskv
                0x000041ca      0x222 src/BackpackLED.o
                0x000041ca                _Z14do_serial_taskv
 .text._Z4loopv
                0x000043ec       0x82 src/BackpackLED.o
                0x000043ec                _Z4loopv
 .text.initVariant
                0x0000446e        0x2 src/main.o
                0x0000446e                initVariant
 .text.main     0x00004470       0x1e src/main.o
                0x00004470                main
 .text.libgcc.div
                0x0000448e       0x44 c:/program files (x86)/atmel/atmel toolchain/avr8 gcc/native/3.4.1061/avr8-gnu-toolchain/bin/../lib/gcc/avr/4.8.1/avr6\libgcc.a(_udivmodsi4.o)
                0x0000448e                __udivmodsi4
 .text.libgcc   0x000044d2        0xc c:/program files (x86)/atmel/atmel toolchain/avr8 gcc/native/3.4.1061/avr8-gnu-toolchain/bin/../lib/gcc/avr/4.8.1/avr6\libgcc.a(_tablejump.o)
                0x000044d2                __tablejump2__
                0x000044d6                __tablejump__
 .text.libgcc   0x000044de        0x8 c:/program files (x86)/atmel/atmel toolchain/avr8 gcc/native/3.4.1061/avr8-gnu-toolchain/bin/../lib/gcc/avr/4.8.1/avr6\libgcc.a(_tablejump_elpm.o)
                0x000044de                __tablejump_elpm__
 .text.avr-libc
                0x000044e6      0x24e c:/program files (x86)/atmel/atmel toolchain/avr8 gcc/native/3.4.1061/avr8-gnu-toolchain/bin/../lib/gcc/avr/4.8.1/../../../../avr/lib/avr6\libc.a(malloc.o)
                0x000044e6                malloc
                0x00004616                free
 .text.avr-libc
                0x00004734      0x1c8 c:/program files (x86)/atmel/atmel toolchain/avr8 gcc/native/3.4.1061/avr8-gnu-toolchain/bin/../lib/gcc/avr/4.8.1/../../../../avr/lib/avr6\libc.a(realloc.o)
                0x00004734                realloc
 .text.avr-libc
                0x000048fc        0x8 c:/program files (x86)/atmel/atmel toolchain/avr8 gcc/native/3.4.1061/avr8-gnu-toolchain/bin/../lib/gcc/avr/4.8.1/../../../../avr/lib/avr6\libc.a(abort.o)
                0x000048fc                abort
 .text.avr-libc
                0x00004904       0x10 c:/program files (x86)/atmel/atmel toolchain/avr8 gcc/native/3.4.1061/avr8-gnu-toolchain/bin/../lib/gcc/avr/4.8.1/../../../../avr/lib/avr6\libc.a(isspace.o)
                0x00004904                isspace
 .text.avr-libc
                0x00004914       0x12 c:/program files (x86)/atmel/atmel toolchain/avr8 gcc/native/3.4.1061/avr8-gnu-toolchain/bin/../lib/gcc/avr/4.8.1/../../../../avr/lib/avr6\libc.a(memcpy.o)
                0x00004914                memcpy
 .text.avr-libc
                0x00004926        0xe c:/program files (x86)/atmel/atmel toolchain/avr8 gcc/native/3.4.1061/avr8-gnu-toolchain/bin/../lib/gcc/avr/4.8.1/../../../../avr/lib/avr6\libc.a(memset.o)
                0x00004926                memset
 .text.avr-libc
                0x00004934       0x12 c:/program files (x86)/atmel/atmel toolchain/avr8 gcc/native/3.4.1061/avr8-gnu-toolchain/bin/../lib/gcc/avr/4.8.1/../../../../avr/lib/avr6\libc.a(strcmp.o)
                0x00004934                strcmp
 .text.avr-libc
                0x00004946        0xe c:/program files (x86)/atmel/atmel toolchain/avr8 gcc/native/3.4.1061/avr8-gnu-toolchain/bin/../lib/gcc/avr/4.8.1/../../../../avr/lib/avr6\libc.a(strcpy.o)
                0x00004946                strcpy
 .text.avr-libc
                0x00004954       0x1c c:/program files (x86)/atmel/atmel toolchain/avr8 gcc/native/3.4.1061/avr8-gnu-toolchain/bin/../lib/gcc/avr/4.8.1/../../../../avr/lib/avr6\libc.a(strncmp.o)
                0x00004954                strncmp
 .text.avr-libc
                0x00004970       0x1e c:/program files (x86)/atmel/atmel toolchain/avr8 gcc/native/3.4.1061/avr8-gnu-toolchain/bin/../lib/gcc/avr/4.8.1/../../../../avr/lib/avr6\libc.a(strncpy.o)
                0x00004970                strncpy
 .text.avr-libc
                0x0000498e        0x6 c:/program files (x86)/atmel/atmel toolchain/avr8 gcc/native/3.4.1061/avr8-gnu-toolchain/bin/../lib/gcc/avr/4.8.1/../../../../avr/lib/avr6\libc.a(cty_isfalse.o)
                0x0000498e                __ctype_isfalse
                0x00004992                __ctype_istrue
                0x00004994                . = ALIGN (0x2)
 *(.fini9)
 .fini9         0x00004994        0x0 c:/program files (x86)/atmel/atmel toolchain/avr8 gcc/native/3.4.1061/avr8-gnu-toolchain/bin/../lib/gcc/avr/4.8.1/avr6\libgcc.a(_exit.o)
                0x00004994                _exit
                0x00004994                exit
 *(.fini9)
 *(.fini8)
 *(.fini8)
 *(.fini7)
 *(.fini7)
 *(.fini6)
 .fini6         0x00004994       0x1e c:/program files (x86)/atmel/atmel toolchain/avr8 gcc/native/3.4.1061/avr8-gnu-toolchain/bin/../lib/gcc/avr/4.8.1/avr6\libgcc.a(_dtors.o)
                0x00004994                __do_global_dtors
 *(.fini6)
 *(.fini5)
 *(.fini5)
 *(.fini4)
 *(.fini4)
 *(.fini3)
 *(.fini3)
 *(.fini2)
 *(.fini2)
 *(.fini1)
 *(.fini1)
 *(.fini0)
 .fini0         0x000049b2        0x4 c:/program files (x86)/atmel/atmel toolchain/avr8 gcc/native/3.4.1061/avr8-gnu-toolchain/bin/../lib/gcc/avr/4.8.1/avr6\libgcc.a(_exit.o)
 *(.fini0)
                0x000049b6                _etext = .

.data           0x00800200      0x260 load address 0x000049b6
                0x00800200                PROVIDE (__data_start, .)
 *(.data)
 .data          0x00800200        0x6 c:/program files (x86)/atmel/atmel toolchain/avr8 gcc/native/3.4.1061/avr8-gnu-toolchain/bin/../lib/gcc/avr/4.8.1/../../../../avr/lib/avr6\libc.a(malloc.o)
                0x00800200                __malloc_heap_end
                0x00800202                __malloc_heap_start
                0x00800204                __malloc_margin
 *(.data*)
 .data._ZL9tone_pins
                0x00800206        0x1 lib/Arduino/Tone.o
 *(.rodata)
 *(.rodata*)
 .rodata._ZTV12Adafruit_GFX
                0x00800207       0x18 lib/Adafruit_GFX/Adafruit_GFX.o
                0x00800207                _ZTV12Adafruit_GFX
 .rodata._ZTV14RGBmatrixPanel
                0x0080021f       0x18 lib/Adafruit_RGBMatrix/RGBmatrixPanel.o
                0x0080021f                _ZTV14RGBmatrixPanel
 .rodata._ZTV14HardwareSerial
                0x00800237       0x10 lib/Arduino/HardwareSerial.o
                0x00800237                _ZTV14HardwareSerial
 .rodata._ZTV9IPAddress
                0x00800247        0x6 lib/Arduino/IPAddress.o
                0x00800247                _ZTV9IPAddress
 .rodata.str1.1
                0x0080024d       0x6a lib/SparkFun_BLEMate2/SparkFun_BLEMate2.o
                                 0x76 (size before relaxing)
 .rodata.str1.1
                0x008002b7      0x1a8 src/BackpackLED.o
                                0x1bb (size before relaxing)
 *(.gnu.linkonce.d*)
                0x00800460                . = ALIGN (0x2)
 *fill*         0x0080045f        0x1 
                0x00800460                _edata = .
                0x00800460                PROVIDE (__data_end, .)

.bss            0x00800460      0x31c
                0x00800460                PROVIDE (__bss_start, .)
 *(.bss)
 *(.bss*)
 .bss._ZL11activePanel
                0x00800460        0x2 lib/Adafruit_RGBMatrix/RGBmatrixPanel.o
 .bss.Serial    0x00800462       0x9d lib/Arduino/HardwareSerial0.o
                0x00800462                Serial
 .bss.Serial1   0x008004ff       0x9d lib/Arduino/HardwareSerial1.o
                0x008004ff                Serial1
 .bss.Serial2   0x0080059c       0x9d lib/Arduino/HardwareSerial2.o
                0x0080059c                Serial2
 .bss.Serial3   0x00800639       0x9d lib/Arduino/HardwareSerial3.o
                0x00800639                Serial3
 .bss._ZL11INADDR_NONE
                0x008006d6        0x6 lib/Arduino/IPAddress.o
 .bss.timer2_pin_mask
                0x008006dc        0x1 lib/Arduino/Tone.o
                0x008006dc                timer2_pin_mask
 .bss.timer2_pin_port
                0x008006dd        0x2 lib/Arduino/Tone.o
                0x008006dd                timer2_pin_port
 .bss.timer2_toggle_count
                0x008006df        0x4 lib/Arduino/Tone.o
                0x008006df                timer2_toggle_count
 .bss.intFunc   0x008006e3       0x10 lib/Arduino/WInterrupts.o
 .bss.timer0_fract
                0x008006f3        0x1 lib/Arduino/wiring.o
 .bss.timer0_millis
                0x008006f4        0x4 lib/Arduino/wiring.o
                0x008006f4                timer0_millis
 .bss.timer0_overflow_count
                0x008006f8        0x4 lib/Arduino/wiring.o
                0x008006f8                timer0_overflow_count
 .bss.show_stop_sign
                0x008006fc        0x1 src/BackpackLED.o
                0x008006fc                show_stop_sign
 .bss.show_right_arrow
                0x008006fd        0x1 src/BackpackLED.o
                0x008006fd                show_right_arrow
 .bss.show_left_arrow
                0x008006fe        0x1 src/BackpackLED.o
                0x008006fe                show_left_arrow
 .bss.matrix_draw_last_run
                0x008006ff        0x4 src/BackpackLED.o
                0x008006ff                matrix_draw_last_run
 .bss.serial_task_last_run
                0x00800703        0x4 src/BackpackLED.o
                0x00800703                serial_task_last_run
 .bss.BTModu    0x00800707       0x23 src/BackpackLED.o
                0x00800707                BTModu
 .bss.matrix    0x0080072a       0x3c src/BackpackLED.o
                0x0080072a                matrix
 .bss._ZL10sendBuffer
                0x00800766        0x6 src/BackpackLED.o
 .bss._ZL11inputBuffer
                0x0080076c        0x6 src/BackpackLED.o
 .bss._ZL10fullBuffer
                0x00800772        0x6 src/BackpackLED.o
 *(COMMON)
 COMMON         0x00800778        0x4 c:/program files (x86)/atmel/atmel toolchain/avr8 gcc/native/3.4.1061/avr8-gnu-toolchain/bin/../lib/gcc/avr/4.8.1/../../../../avr/lib/avr6\libc.a(malloc.o)
                0x00800778                __brkval
                0x0080077a                __flp
                0x0080077c                PROVIDE (__bss_end, .)
                0x000049b6                __data_load_start = LOADADDR (.data)
                0x00004c16                __data_load_end = (__data_load_start + SIZEOF (.data))

.noinit         0x0080077c        0x0
                0x0080077c                PROVIDE (__noinit_start, .)
 *(.noinit*)
                0x0080077c                PROVIDE (__noinit_end, .)
                0x0080077c                _end = .
                0x0080077c                PROVIDE (__heap_start, .)

.eeprom         0x00810000        0x0
 *(.eeprom*)
                0x00810000                __eeprom_end = .

.fuse
 *(.fuse)
 *(.lfuse)
 *(.hfuse)
 *(.efuse)

.lock
 *(.lock*)

.signature
 *(.signature*)

.user_signatures
 *(.user_signatures*)

.stab
 *(.stab)

.stabstr
 *(.stabstr)

.stab.excl
 *(.stab.excl)

.stab.exclstr
 *(.stab.exclstr)

.stab.index
 *(.stab.index)

.stab.indexstr
 *(.stab.indexstr)

.comment        0x00000000       0x30
 *(.comment)
 .comment       0x00000000       0x30 lib/Adafruit_GFX/Adafruit_GFX.o
                                 0x31 (size before relaxing)
 .comment       0x00000000       0x31 lib/Adafruit_RGBMatrix/RGBmatrixPanel.o
 .comment       0x00000000       0x31 lib/Arduino/abi.o
 .comment       0x00000000       0x31 lib/Arduino/HardwareSerial.o
 .comment       0x00000000       0x31 lib/Arduino/HardwareSerial0.o
 .comment       0x00000000       0x31 lib/Arduino/HardwareSerial1.o
 .comment       0x00000000       0x31 lib/Arduino/HardwareSerial2.o
 .comment       0x00000000       0x31 lib/Arduino/HardwareSerial3.o
 .comment       0x00000000       0x31 lib/Arduino/hooks.o
 .comment       0x00000000       0x31 lib/Arduino/IPAddress.o
 .comment       0x00000000       0x31 lib/Arduino/new.o
 .comment       0x00000000       0x31 lib/Arduino/Print.o
 .comment       0x00000000       0x31 lib/Arduino/Tone.o
 .comment       0x00000000       0x31 lib/Arduino/WInterrupts.o
 .comment       0x00000000       0x31 lib/Arduino/wiring.o
 .comment       0x00000000       0x31 lib/Arduino/wiring_digital.o
 .comment       0x00000000       0x31 lib/Arduino/WString.o
 .comment       0x00000000       0x31 lib/SparkFun_BLEMate2/SparkFun_BLEMate2.o
 .comment       0x00000000       0x31 src/BackpackLED.o
 .comment       0x00000000       0x31 src/main.o
 .comment       0x00000000       0x31 c:/program files (x86)/atmel/atmel toolchain/avr8 gcc/native/3.4.1061/avr8-gnu-toolchain/bin/../lib/gcc/avr/4.8.1/../../../../avr/lib/avr6\libc.a(malloc.o)
 .comment       0x00000000       0x31 c:/program files (x86)/atmel/atmel toolchain/avr8 gcc/native/3.4.1061/avr8-gnu-toolchain/bin/../lib/gcc/avr/4.8.1/../../../../avr/lib/avr6\libc.a(realloc.o)

.note.gnu.build-id
 *(.note.gnu.build-id)

.debug
 *(.debug)

.line
 *(.line)

.debug_srcinfo
 *(.debug_srcinfo)

.debug_sfnames
 *(.debug_sfnames)

.debug_aranges  0x00000000      0x980
 *(.debug_aranges)
 .debug_aranges
                0x00000000      0x108 lib/Adafruit_GFX/Adafruit_GFX.o
 .debug_aranges
                0x00000108       0x98 lib/Adafruit_RGBMatrix/RGBmatrixPanel.o
 .debug_aranges
                0x000001a0       0x28 lib/Arduino/abi.o
 .debug_aranges
                0x000001c8       0x68 lib/Arduino/HardwareSerial.o
 .debug_aranges
                0x00000230       0x38 lib/Arduino/HardwareSerial0.o
 .debug_aranges
                0x00000268       0x38 lib/Arduino/HardwareSerial1.o
 .debug_aranges
                0x000002a0       0x38 lib/Arduino/HardwareSerial2.o
 .debug_aranges
                0x000002d8       0x38 lib/Arduino/HardwareSerial3.o
 .debug_aranges
                0x00000310       0x20 lib/Arduino/hooks.o
 .debug_aranges
                0x00000330       0x60 lib/Arduino/IPAddress.o
 .debug_aranges
                0x00000390       0x38 lib/Arduino/new.o
 .debug_aranges
                0x000003c8       0xe8 lib/Arduino/Print.o
 .debug_aranges
                0x000004b0       0x38 lib/Arduino/Tone.o
 .debug_aranges
                0x000004e8       0x68 lib/Arduino/WInterrupts.o
 .debug_aranges
                0x00000550       0x48 lib/Arduino/wiring.o
 .debug_aranges
                0x00000598       0x38 lib/Arduino/wiring_digital.o
 .debug_aranges
                0x000005d0      0x280 lib/Arduino/WString.o
 .debug_aranges
                0x00000850       0x98 lib/SparkFun_BLEMate2/SparkFun_BLEMate2.o
 .debug_aranges
                0x000008e8       0x68 src/BackpackLED.o
 .debug_aranges
                0x00000950       0x30 src/main.o

.debug_pubnames
 *(.debug_pubnames)

.debug_info     0x00000000    0x1aea9
 *(.debug_info .gnu.linkonce.wi.*)
 .debug_info    0x00000000     0x28da lib/Adafruit_GFX/Adafruit_GFX.o
 .debug_info    0x000028da     0x16e4 lib/Adafruit_RGBMatrix/RGBmatrixPanel.o
 .debug_info    0x00003fbe       0x8e lib/Arduino/abi.o
 .debug_info    0x0000404c     0x1afb lib/Arduino/HardwareSerial.o
 .debug_info    0x00005b47     0x1740 lib/Arduino/HardwareSerial0.o
 .debug_info    0x00007287     0x1740 lib/Arduino/HardwareSerial1.o
 .debug_info    0x000089c7     0x1740 lib/Arduino/HardwareSerial2.o
 .debug_info    0x0000a107     0x1746 lib/Arduino/HardwareSerial3.o
 .debug_info    0x0000b84d       0x3e lib/Arduino/hooks.o
 .debug_info    0x0000b88b      0x9cb lib/Arduino/IPAddress.o
 .debug_info    0x0000c256      0x188 lib/Arduino/new.o
 .debug_info    0x0000c3de     0x25f9 lib/Arduino/Print.o
 .debug_info    0x0000e9d7      0xa43 lib/Arduino/Tone.o
 .debug_info    0x0000f41a      0x2e8 lib/Arduino/WInterrupts.o
 .debug_info    0x0000f702      0x319 lib/Arduino/wiring.o
 .debug_info    0x0000fa1b      0x635 lib/Arduino/wiring_digital.o
 .debug_info    0x00010050     0x40cf lib/Arduino/WString.o
 .debug_info    0x0001411f     0x379b lib/SparkFun_BLEMate2/SparkFun_BLEMate2.o
 .debug_info    0x000178ba     0x3383 src/BackpackLED.o
 .debug_info    0x0001ac3d      0x26c src/main.o

.debug_abbrev   0x00000000     0x35fd
 *(.debug_abbrev)
 .debug_abbrev  0x00000000      0x397 lib/Adafruit_GFX/Adafruit_GFX.o
 .debug_abbrev  0x00000397      0x417 lib/Adafruit_RGBMatrix/RGBmatrixPanel.o
 .debug_abbrev  0x000007ae       0x5e lib/Arduino/abi.o
 .debug_abbrev  0x0000080c      0x369 lib/Arduino/HardwareSerial.o
 .debug_abbrev  0x00000b75      0x35d lib/Arduino/HardwareSerial0.o
 .debug_abbrev  0x00000ed2      0x35d lib/Arduino/HardwareSerial1.o
 .debug_abbrev  0x0000122f      0x35d lib/Arduino/HardwareSerial2.o
 .debug_abbrev  0x0000158c      0x366 lib/Arduino/HardwareSerial3.o
 .debug_abbrev  0x000018f2       0x2a lib/Arduino/hooks.o
 .debug_abbrev  0x0000191c      0x34f lib/Arduino/IPAddress.o
 .debug_abbrev  0x00001c6b       0xd6 lib/Arduino/new.o
 .debug_abbrev  0x00001d41      0x3b9 lib/Arduino/Print.o
 .debug_abbrev  0x000020fa      0x261 lib/Arduino/Tone.o
 .debug_abbrev  0x0000235b       0xe6 lib/Arduino/WInterrupts.o
 .debug_abbrev  0x00002441      0x145 lib/Arduino/wiring.o
 .debug_abbrev  0x00002586      0x15a lib/Arduino/wiring_digital.o
 .debug_abbrev  0x000026e0      0x491 lib/Arduino/WString.o
 .debug_abbrev  0x00002b71      0x4c1 lib/SparkFun_BLEMate2/SparkFun_BLEMate2.o
 .debug_abbrev  0x00003032      0x4d7 src/BackpackLED.o
 .debug_abbrev  0x00003509       0xf4 src/main.o

.debug_line     0x00000000     0x5ef8
 *(.debug_line .debug_line.* .debug_line_end)
 .debug_line    0x00000000      0xa6a lib/Adafruit_GFX/Adafruit_GFX.o
 .debug_line    0x00000a6a      0xa6a lib/Adafruit_RGBMatrix/RGBmatrixPanel.o
 .debug_line    0x000014d4       0xd1 lib/Arduino/abi.o
 .debug_line    0x000015a5      0x46a lib/Arduino/HardwareSerial.o
 .debug_line    0x00001a0f      0x24b lib/Arduino/HardwareSerial0.o
 .debug_line    0x00001c5a      0x24b lib/Arduino/HardwareSerial1.o
 .debug_line    0x00001ea5      0x249 lib/Arduino/HardwareSerial2.o
 .debug_line    0x000020ee      0x249 lib/Arduino/HardwareSerial3.o
 .debug_line    0x00002337       0x44 lib/Arduino/hooks.o
 .debug_line    0x0000237b      0x2f6 lib/Arduino/IPAddress.o
 .debug_line    0x00002671      0x188 lib/Arduino/new.o
 .debug_line    0x000027f9      0x684 lib/Arduino/Print.o
 .debug_line    0x00002e7d      0x4a7 lib/Arduino/Tone.o
 .debug_line    0x00003324      0x312 lib/Arduino/WInterrupts.o
 .debug_line    0x00003636      0x2b4 lib/Arduino/wiring.o
 .debug_line    0x000038ea      0x283 lib/Arduino/wiring_digital.o
 .debug_line    0x00003b6d     0x1237 lib/Arduino/WString.o
 .debug_line    0x00004da4      0x8ad lib/SparkFun_BLEMate2/SparkFun_BLEMate2.o
 .debug_line    0x00005651      0x73e src/BackpackLED.o
 .debug_line    0x00005d8f      0x169 src/main.o

.debug_frame    0x00000000     0x28dc
 *(.debug_frame)
 .debug_frame   0x00000000      0x7ac lib/Adafruit_GFX/Adafruit_GFX.o
 .debug_frame   0x000007ac      0x308 lib/Adafruit_RGBMatrix/RGBmatrixPanel.o
 .debug_frame   0x00000ab4       0x34 lib/Arduino/abi.o
 .debug_frame   0x00000ae8       0xf8 lib/Arduino/HardwareSerial.o
 .debug_frame   0x00000be0       0xcc lib/Arduino/HardwareSerial0.o
 .debug_frame   0x00000cac       0xcc lib/Arduino/HardwareSerial1.o
 .debug_frame   0x00000d78       0xcc lib/Arduino/HardwareSerial2.o
 .debug_frame   0x00000e44       0xcc lib/Arduino/HardwareSerial3.o
 .debug_frame   0x00000f10       0x24 lib/Arduino/hooks.o
 .debug_frame   0x00000f34       0xe8 lib/Arduino/IPAddress.o
 .debug_frame   0x0000101c       0x54 lib/Arduino/new.o
 .debug_frame   0x00001070      0x3b8 lib/Arduino/Print.o
 .debug_frame   0x00001428      0x100 lib/Arduino/Tone.o
 .debug_frame   0x00001528      0x2f4 lib/Arduino/WInterrupts.o
 .debug_frame   0x0000181c       0xbc lib/Arduino/wiring.o
 .debug_frame   0x000018d8       0x7c lib/Arduino/wiring_digital.o
 .debug_frame   0x00001954      0x9b8 lib/Arduino/WString.o
 .debug_frame   0x0000230c      0x40c lib/SparkFun_BLEMate2/SparkFun_BLEMate2.o
 .debug_frame   0x00002718      0x180 src/BackpackLED.o
 .debug_frame   0x00002898       0x44 src/main.o

.debug_str      0x00000000     0x341d
 *(.debug_str)
 .debug_str     0x00000000      0x813 lib/Adafruit_GFX/Adafruit_GFX.o
                                0x88c (size before relaxing)
 .debug_str     0x00000813      0x473 lib/Adafruit_RGBMatrix/RGBmatrixPanel.o
                                0x6d8 (size before relaxing)
 .debug_str     0x00000c86       0x46 lib/Arduino/abi.o
                                0x163 (size before relaxing)
 .debug_str     0x00000ccc     0x1003 lib/Arduino/HardwareSerial.o
                               0x1261 (size before relaxing)
 .debug_str     0x00001ccf       0x8e lib/Arduino/HardwareSerial0.o
                                0xf83 (size before relaxing)
 .debug_str     0x00001d5d       0x52 lib/Arduino/HardwareSerial1.o
                                0xf84 (size before relaxing)
 .debug_str     0x00001daf       0x52 lib/Arduino/HardwareSerial2.o
                                0xf84 (size before relaxing)
 .debug_str     0x00001e01       0x52 lib/Arduino/HardwareSerial3.o
                                0xf84 (size before relaxing)
 .debug_str     0x00001e53       0xbc lib/Arduino/hooks.o
                                 0xff (size before relaxing)
 .debug_str     0x00001f0f      0x22e lib/Arduino/IPAddress.o
                                0x4d3 (size before relaxing)
 .debug_str     0x0000213d       0x76 lib/Arduino/new.o
                                0x1a6 (size before relaxing)
 .debug_str     0x000021b3      0x33a lib/Arduino/Print.o
                                0xe43 (size before relaxing)
 .debug_str     0x000024ed      0x1f8 lib/Arduino/Tone.o
                                0x43b (size before relaxing)
 .debug_str     0x000026e5       0xca lib/Arduino/WInterrupts.o
                                0x231 (size before relaxing)
 .debug_str     0x000027af       0x82 lib/Arduino/wiring.o
                                0x201 (size before relaxing)
 .debug_str     0x00002831       0x73 lib/Arduino/wiring_digital.o
                                0x26f (size before relaxing)
 .debug_str     0x000028a4      0x3c9 lib/Arduino/WString.o
                                0xe52 (size before relaxing)
 .debug_str     0x00002c6d      0x537 lib/SparkFun_BLEMate2/SparkFun_BLEMate2.o
                               0x1432 (size before relaxing)
 .debug_str     0x000031a4      0x23d src/BackpackLED.o
                               0x16eb (size before relaxing)
 .debug_str     0x000033e1       0x3c src/main.o
                                0x22c (size before relaxing)

.debug_loc      0x00000000     0xf2f5
 *(.debug_loc)
 .debug_loc     0x00000000     0x3550 lib/Adafruit_GFX/Adafruit_GFX.o
 .debug_loc     0x00003550     0x1b00 lib/Adafruit_RGBMatrix/RGBmatrixPanel.o
 .debug_loc     0x00005050      0x3e7 lib/Arduino/HardwareSerial.o
 .debug_loc     0x00005437      0x17b lib/Arduino/HardwareSerial0.o
 .debug_loc     0x000055b2      0x17b lib/Arduino/HardwareSerial1.o
 .debug_loc     0x0000572d      0x17b lib/Arduino/HardwareSerial2.o
 .debug_loc     0x000058a8      0x17b lib/Arduino/HardwareSerial3.o
 .debug_loc     0x00005a23      0x27f lib/Arduino/IPAddress.o
 .debug_loc     0x00005ca2       0x98 lib/Arduino/new.o
 .debug_loc     0x00005d3a     0x1f08 lib/Arduino/Print.o
 .debug_loc     0x00007c42      0xbb5 lib/Arduino/Tone.o
 .debug_loc     0x000087f7      0x820 lib/Arduino/WInterrupts.o
 .debug_loc     0x00009017      0x22a lib/Arduino/wiring.o
 .debug_loc     0x00009241      0x719 lib/Arduino/wiring_digital.o
 .debug_loc     0x0000995a     0x41b1 lib/Arduino/WString.o
 .debug_loc     0x0000db0b     0x128e lib/SparkFun_BLEMate2/SparkFun_BLEMate2.o
 .debug_loc     0x0000ed99      0x536 src/BackpackLED.o
 .debug_loc     0x0000f2cf       0x26 src/main.o

.debug_macinfo
 *(.debug_macinfo)

.debug_weaknames
 *(.debug_weaknames)

.debug_funcnames
 *(.debug_funcnames)

.debug_typenames
 *(.debug_typenames)

.debug_varnames
 *(.debug_varnames)

.debug_pubtypes
 *(.debug_pubtypes)

.debug_ranges   0x00000000      0x998
 *(.debug_ranges)
 .debug_ranges  0x00000000      0x140 lib/Adafruit_GFX/Adafruit_GFX.o
 .debug_ranges  0x00000140       0x88 lib/Adafruit_RGBMatrix/RGBmatrixPanel.o
 .debug_ranges  0x000001c8       0x18 lib/Arduino/abi.o
 .debug_ranges  0x000001e0       0x58 lib/Arduino/HardwareSerial.o
 .debug_ranges  0x00000238       0x28 lib/Arduino/HardwareSerial0.o
 .debug_ranges  0x00000260       0x28 lib/Arduino/HardwareSerial1.o
 .debug_ranges  0x00000288       0x28 lib/Arduino/HardwareSerial2.o
 .debug_ranges  0x000002b0       0x28 lib/Arduino/HardwareSerial3.o
 .debug_ranges  0x000002d8       0x10 lib/Arduino/hooks.o
 .debug_ranges  0x000002e8       0x68 lib/Arduino/IPAddress.o
 .debug_ranges  0x00000350       0x28 lib/Arduino/new.o
 .debug_ranges  0x00000378      0x150 lib/Arduino/Print.o
 .debug_ranges  0x000004c8       0x58 lib/Arduino/Tone.o
 .debug_ranges  0x00000520       0x58 lib/Arduino/WInterrupts.o
 .debug_ranges  0x00000578       0x38 lib/Arduino/wiring.o
 .debug_ranges  0x000005b0       0x28 lib/Arduino/wiring_digital.o
 .debug_ranges  0x000005d8      0x2a8 lib/Arduino/WString.o
 .debug_ranges  0x00000880       0xa0 lib/SparkFun_BLEMate2/SparkFun_BLEMate2.o
 .debug_ranges  0x00000920       0x58 src/BackpackLED.o
 .debug_ranges  0x00000978       0x20 src/main.o

.debug_macro
 *(.debug_macro)
OUTPUT(BackpackLED.elf elf32-avr)
LOAD linker stubs
